08-06 11:21:17 com_github_MitjaNemec_ReplicateLayout.action_replicate_layout 409:Plugin executed on: 'darwin'
08-06 11:21:17 com_github_MitjaNemec_ReplicateLayout.action_replicate_layout 410:Plugin executed with python version: '3.9.13 (v3.9.13:6de2ca5339, May 17 2022, 11:37:23) \n[Clang 13.0.0 (clang-1300.0.29.30)]'
08-06 11:21:17 com_github_MitjaNemec_ReplicateLayout.action_replicate_layout 411:KiCad build version: 10.0.5
08-06 11:21:17 com_github_MitjaNemec_ReplicateLayout.action_replicate_layout 412:Plugin version: 4.0.3
08-06 11:21:17 com_github_MitjaNemec_ReplicateLayout.action_replicate_layout 413:Frame repr: <wx._core.Frame object at 0x30dfd0e50>
08-06 11:21:17 com_github_MitjaNemec_ReplicateLayout.action_replicate_layout 437:Preparing replicator with U401 as a reference
08-06 11:21:17 com_github_MitjaNemec_ReplicateLayout.replicate_layout 117:getting a list of all footprints on board
08-06 11:21:17 com_github_MitjaNemec_ReplicateLayout.action_replicate_layout 485:source anchor footprint is 'U401'
Located on: ['/buck/']
With filenames: ['buck.kicad_sch']
With sheet_id:['/buck/']
08-06 11:21:17 com_github_MitjaNemec_ReplicateLayout.action_replicate_layout 492:Corresponding footprints are 
[('U501', ['/buck1/']), ('U401', ['/buck/'])]
08-06 11:21:17 com_github_MitjaNemec_ReplicateLayout.action_replicate_layout 504:Showing dialog
08-06 11:21:17 com_github_MitjaNemec_ReplicateLayout.replicate_layout 472:constructing a list of sheets suitable for replication on level:'/buck/', file:'buck.kicad_sch'
08-06 11:21:17 com_github_MitjaNemec_ReplicateLayout.replicate_layout 509:suitable sheets are:[['/buck1/']]
08-06 11:21:17 com_github_MitjaNemec_ReplicateLayout.replicate_layout 1512:Level selected: ['/buck/']
08-06 11:21:17 com_github_MitjaNemec_ReplicateLayout.replicate_layout 1336:Filtering list of tracks
08-06 11:21:17 com_github_MitjaNemec_ReplicateLayout.action_replicate_layout 519:Fatal error when making an instance of replicator
Traceback (most recent call last):
  File "/Users/guigur/Documents/KiCad/10.0/3rdparty//plugins/com_github_MitjaNemec_ReplicateLayout/action_replicate_layout.py", line 509, in Run
    toolbar_pos = self.frame.FindWindowById(pcbnew.ID_V_TOOLBAR).GetScreenPosition()
AttributeError: module 'pcbnew' has no attribute 'ID_V_TOOLBAR'
